============================= test session starts =============================
platform win32 -- Python 3.11.9, pytest-8.0.2, pluggy-1.6.0 -- C:\Users\camer\AppData\Local\Programs\Python\Python311\python.exe
cachedir: .pytest_cache
rootdir: C:\Users\camer\rideshield\new\Ride-Shield-InsurTech-System
plugins: anyio-4.13.0, asyncio-0.23.5
asyncio: mode=Mode.STRICT
collecting ... collected 1 item

backend/tests/test_whatsapp.py::test_full_whatsapp_onboarding_flow FAILED [100%]

================================== FAILURES ===================================
_____________________ test_full_whatsapp_onboarding_flow ______________________

client = <httpx.AsyncClient object at 0x0000018882873910>

    @pytest.mark.asyncio
    async def test_full_whatsapp_onboarding_flow(client):
        """Test the full onboarding and mock payment flow."""
        phone = "919000000000"
    
        # 1. Start with greeting -> Lang Selection
        payload = {
            "entry": [
                {
                    "changes": [
                        {
                            "value": {
                                "messages": [
                                    {
                                        "from": phone,
                                        "type": "text",
                                        "text": {"body": "hi"}
                                    }
                                ]
                            }
                        }
                    ]
                }
            ]
        }
        with patch("backend.providers.whatsapp_meta.whatsapp_meta.send_lang_selection") as mock_lang:
            await client.post("/api/whatsapp/webhook", json=payload)
            mock_lang.assert_called_once_with(phone)
    
        # 2. Select English -> Welcome Menu
        payload_en = {
            "entry": [
                {
                    "changes": [
                        {
                            "value": {
                                "messages": [
                                    {
                                        "from": phone,
                                        "type": "interactive",
                                        "interactive": {
                                            "type": "button_reply",
                                            "button_reply": {"id": "lang_en"}
                                        }
                                    }
                                ]
                            }
                        }
                    ]
                }
            ]
        }
        with patch("backend.providers.whatsapp_meta.whatsapp_meta.send_welcome_message") as mock_welcome:
            await client.post("/api/whatsapp/webhook", json=payload_en)
            mock_welcome.assert_called_once_with(phone, lang="en")
    
        # 3. Click Start -> Ask Name
        payload_start = {
            "entry": [
                {
                    "changes": [
                        {
                            "value": {
                                "messages": [
                                    {
                                        "from": phone,
                                        "type": "interactive",
                                        "interactive": {
                                            "type": "button_reply",
                                            "button_reply": {"id": "start"}
                                        }
                                    }
                                ]
                            }
                        }
                    ]
                }
            ]
        }
        with patch("backend.providers.whatsapp_meta.whatsapp_meta.ask_onboard_name") as mock_name:
            await client.post("/api/whatsapp/webhook", json=payload_start)
            mock_name.assert_called_once_with(phone, lang="en")
    
        # 4. Provide Name -> City Selection
        payload_name = {
            "entry": [
                {
                    "changes": [
                        {
                            "value": {
                                "messages": [
                                    {
                                        "from": phone,
                                        "type": "text",
                                        "text": {"body": "John Doe"}
                                    }
                                ]
                            }
                        }
                    ]
                }
            ]
        }
        with patch("backend.providers.whatsapp_meta.whatsapp_meta.send_city_selection") as mock_city:
            await client.post("/api/whatsapp/webhook", json=payload_name)
            mock_city.assert_called_once_with(phone, name="John Doe", lang="en")
    
        # 5. Select City -> Platform Selection
        payload_city = {
            "entry": [
                {
                    "changes": [
                        {
                            "value": {
                                "messages": [
                                    {
                                        "from": phone,
                                        "type": "interactive",
                                        "interactive": {
                                            "type": "button_reply",
                                            "button_reply": {"id": "city_delhi"}
                                        }
                                    }
                                ]
                            }
                        }
                    ]
                }
            ]
        }
        with patch("backend.providers.whatsapp_meta.whatsapp_meta.send_platform_selection") as mock_plat:
            await client.post("/api/whatsapp/webhook", json=payload_city)
            mock_plat.assert_called_once_with(phone, lang="en")
    
        # 6. Select Platform -> Plan Selection
        payload_plat = {
            "entry": [
                {
                    "changes": [
                        {
                            "value": {
                                "messages": [
                                    {
                                        "from": phone,
                                        "type": "interactive",
                                        "interactive": {
                                            "type": "button_reply",
                                            "button_reply": {"id": "plat_uber"}
                                        }
                                    }
                                ]
                            }
                        }
                    ]
                }
            ]
        }
        mock_plans = {
            "plans": [{"plan_name": "smart", "display_name": "Smart", "weekly_premium": 199}],
            "risk_score": 0.5,
            "zone_id": "z1",
            "city_id": "c1",
            "zone_slug": "delhi-p1"
        }
    
        with patch("backend.providers.whatsapp_onboarding_service.whatsapp_onboarding.get_plans_for_city", return_value=mock_plans), \
             patch("backend.providers.whatsapp_meta.whatsapp_meta.send_plan_selection") as mock_plan_ui:
            await client.post("/api/whatsapp/webhook", json=payload_plat)
            mock_plan_ui.assert_called_once()
    
        # 7. Select Plan -> Checkout
        payload_plan = {
            "entry": [
                {
                    "changes": [
                        {
                            "value": {
                                "messages": [
                                    {
                                        "from": phone,
                                        "type": "interactive",
                                        "interactive": {
                                            "type": "button_reply",
                                            "button_reply": {"id": "plan_smart_199"}
                                        }
                                    }
                                ]
                            }
                        }
                    ]
                }
            ]
        }
        with patch("backend.providers.whatsapp_meta.whatsapp_meta.send_checkout_request") as mock_checkout:
            await client.post("/api/whatsapp/webhook", json=payload_plan)
            mock_checkout.assert_called_once()
    
        # 8. Mock Payment -> DB Creation & Success Msg
        payload_pay = {
            "entry": [
                {
                    "changes": [
                        {
                            "value": {
                                "messages": [
                                    {
                                        "from": phone,
                                        "type": "interactive",
                                        "interactive": {
                                            "type": "button_reply",
                                            "button_reply": {"id": "pay_success"}
                                        }
                                    }
                                ]
                            }
                        }
                    ]
                }
            ]
        }
        with patch("backend.providers.whatsapp_onboarding_service.whatsapp_onboarding.finalize_onboarding", return_value={"success": True}) as mock_finalize, \
             patch("backend.providers.whatsapp_meta.whatsapp_meta.send_text_message") as mock_success:
            await client.post("/api/whatsapp/webhook", json=payload_pay)
            mock_finalize.assert_called_once()
            mock_success.assert_called_once()
            args, _ = mock_success.call_args
>           assert "Payment Successful" in args[0] or "\u092d\u0941\u0917\u0924\u093e\u0928 \u0938\u092b\u0932" in args[0]
E           AssertionError: assert ('Payment Successful' in '919000000000' or '\u092d\u0941\u0917\u0924\u093e\u0928 \u0938\u092b\u0932' in '919000000000')

backend\tests\test_whatsapp.py:241: AssertionError
---------------------------- Captured stderr setup ----------------------------
2026-04-17 14:51:43,902 INFO [API] rideshield.locations -(invalidate_cache:367) Geography cache invalidated
2026-04-17 14:51:43,984 INFO [API] rideshield.locations -(backfill_zone_references:311) Geography backfill complete. Unmapped rows=0
----------------------------- Captured log setup ------------------------------
INFO     rideshield.locations:location_service.py:367 Geography cache invalidated
INFO     rideshield.locations:location_service.py:311 Geography backfill complete. Unmapped rows=0
---------------------------- Captured stderr call -----------------------------
2026-04-17 14:51:44,034 INFO [API] rideshield -(log_requests:161) POST /api/whatsapp/webhook -> 200 in 40.7ms
2026-04-17 14:51:44,036 INFO [API] httpx -(_send_single_request:1773) HTTP Request: POST http://test/api/whatsapp/webhook "HTTP/1.1 200 OK"
2026-04-17 14:51:44,122 INFO [API] rideshield.whatsapp -(set_user_lang:49) Updated WhatsApp language for 919000000000 to en
2026-04-17 14:51:44,124 INFO [API] rideshield -(log_requests:161) POST /api/whatsapp/webhook -> 200 in 87.9ms
2026-04-17 14:51:44,124 INFO [API] httpx -(_send_single_request:1773) HTTP Request: POST http://test/api/whatsapp/webhook "HTTP/1.1 200 OK"
2026-04-17 14:51:44,173 INFO [API] rideshield -(log_requests:161) POST /api/whatsapp/webhook -> 200 in 47.3ms
2026-04-17 14:51:44,175 INFO [API] httpx -(_send_single_request:1773) HTTP Request: POST http://test/api/whatsapp/webhook "HTTP/1.1 200 OK"
2026-04-17 14:51:44,212 INFO [API] rideshield -(log_requests:161) POST /api/whatsapp/webhook -> 200 in 36.4ms
2026-04-17 14:51:44,213 INFO [API] httpx -(_send_single_request:1773) HTTP Request: POST http://test/api/whatsapp/webhook "HTTP/1.1 200 OK"
2026-04-17 14:51:44,264 INFO [API] rideshield -(log_requests:161) POST /api/whatsapp/webhook -> 200 in 50.4ms
2026-04-17 14:51:44,265 INFO [API] httpx -(_send_single_request:1773) HTTP Request: POST http://test/api/whatsapp/webhook "HTTP/1.1 200 OK"
2026-04-17 14:51:44,326 INFO [API] rideshield -(log_requests:161) POST /api/whatsapp/webhook -> 200 in 58.0ms
2026-04-17 14:51:44,326 INFO [API] httpx -(_send_single_request:1773) HTTP Request: POST http://test/api/whatsapp/webhook "HTTP/1.1 200 OK"
2026-04-17 14:51:44,375 INFO [API] rideshield -(log_requests:161) POST /api/whatsapp/webhook -> 200 in 47.8ms
2026-04-17 14:51:44,375 INFO [API] httpx -(_send_single_request:1773) HTTP Request: POST http://test/api/whatsapp/webhook "HTTP/1.1 200 OK"
2026-04-17 14:51:44,419 INFO [API] rideshield -(log_requests:161) POST /api/whatsapp/webhook -> 200 in 42.1ms
2026-04-17 14:51:44,420 INFO [API] httpx -(_send_single_request:1773) HTTP Request: POST http://test/api/whatsapp/webhook "HTTP/1.1 200 OK"
------------------------------ Captured log call ------------------------------
INFO     rideshield:main.py:161 POST /api/whatsapp/webhook -> 200 in 40.7ms
INFO     httpx:_client.py:1773 HTTP Request: POST http://test/api/whatsapp/webhook "HTTP/1.1 200 OK"
INFO     rideshield.whatsapp:whatsapp_settings_service.py:49 Updated WhatsApp language for 919000000000 to en
INFO     rideshield:main.py:161 POST /api/whatsapp/webhook -> 200 in 87.9ms
INFO     httpx:_client.py:1773 HTTP Request: POST http://test/api/whatsapp/webhook "HTTP/1.1 200 OK"
INFO     rideshield:main.py:161 POST /api/whatsapp/webhook -> 200 in 47.3ms
INFO     httpx:_client.py:1773 HTTP Request: POST http://test/api/whatsapp/webhook "HTTP/1.1 200 OK"
INFO     rideshield:main.py:161 POST /api/whatsapp/webhook -> 200 in 36.4ms
INFO     httpx:_client.py:1773 HTTP Request: POST http://test/api/whatsapp/webhook "HTTP/1.1 200 OK"
INFO     rideshield:main.py:161 POST /api/whatsapp/webhook -> 200 in 50.4ms
INFO     httpx:_client.py:1773 HTTP Request: POST http://test/api/whatsapp/webhook "HTTP/1.1 200 OK"
INFO     rideshield:main.py:161 POST /api/whatsapp/webhook -> 200 in 58.0ms
INFO     httpx:_client.py:1773 HTTP Request: POST http://test/api/whatsapp/webhook "HTTP/1.1 200 OK"
INFO     rideshield:main.py:161 POST /api/whatsapp/webhook -> 200 in 47.8ms
INFO     httpx:_client.py:1773 HTTP Request: POST http://test/api/whatsapp/webhook "HTTP/1.1 200 OK"
INFO     rideshield:main.py:161 POST /api/whatsapp/webhook -> 200 in 42.1ms
INFO     httpx:_client.py:1773 HTTP Request: POST http://test/api/whatsapp/webhook "HTTP/1.1 200 OK"
============================== warnings summary ===============================
..\..\..\AppData\Local\Programs\Python\Python311\Lib\site-packages\starlette\formparsers.py:12
  C:\Users\camer\AppData\Local\Programs\Python\Python311\Lib\site-packages\starlette\formparsers.py:12: PendingDeprecationWarning: Please use `import python_multipart` instead.
    import multipart

-- Docs: https://docs.pytest.org/en/stable/how-to/capture-warnings.html
=========================== short test summary info ===========================
FAILED backend/tests/test_whatsapp.py::test_full_whatsapp_onboarding_flow - A...
======================== 1 failed, 1 warning in 1.49s =========================
